// Jest Snapshot v1, https://goo.gl/fbAQLP

exports[`signs data 1`] = `"jsvdLwqr-O206hkegoq6pbo7LJjCaflEKHCvfohBP9XJ4C7mG2TPL9YjyKEpYSXqqkUrfRoCxQecHR11Uh7POw"`;

exports[`signs data: privateKey with 0x prefix 1`] = `"jsvdLwqr-O206hkegoq6pbo7LJjCaflEKHCvfohBP9XJ4C7mG2TPL9YjyKEpYSXqqkUrfRoCxQecHR11Uh7POw"`;
