// Jest Snapshot v1, https://goo.gl/fbAQLP

exports[`Secp256k1 Signer signs data, given a hex private key 1`] = `"jsvdLwqr-O206hkegoq6pbo7LJjCaflEKHCvfohBP9XJ4C7mG2TPL9YjyKEpYSXqqkUrfRoCxQecHR11Uh7POw"`;

exports[`Secp256k1 Signer signs data: privateKey base58 1`] = `"jsvdLwqr-O206hkegoq6pbo7LJjCaflEKHCvfohBP9XJ4C7mG2TPL9YjyKEpYSXqqkUrfRoCxQecHR11Uh7POw"`;

exports[`Secp256k1 Signer signs data: privateKey base64 1`] = `"jsvdLwqr-O206hkegoq6pbo7LJjCaflEKHCvfohBP9XJ4C7mG2TPL9YjyKEpYSXqqkUrfRoCxQecHR11Uh7POw"`;

exports[`Secp256k1 Signer signs data: privateKey base64url 1`] = `"jsvdLwqr-O206hkegoq6pbo7LJjCaflEKHCvfohBP9XJ4C7mG2TPL9YjyKEpYSXqqkUrfRoCxQecHR11Uh7POw"`;

exports[`Secp256k1 Signer signs data: privateKey with 0x prefix 1`] = `"jsvdLwqr-O206hkegoq6pbo7LJjCaflEKHCvfohBP9XJ4C7mG2TPL9YjyKEpYSXqqkUrfRoCxQecHR11Uh7POw"`;
